2026-09-10T13:00:05.137Z - Fetching all repositories...
2026-09-10T13:00:05.722Z - Found 0 repositories
2026-09-10T13:07:41.163Z - Repository Created: dummy-Verify-20260910-61163
2026-09-10T13:07:44.175Z - getting Repository: dummy-Verify-20260910-61163
2026-09-10T13:07:44.677Z - Deleting Repository: dummy-Verify-20260910-61163
2026-09-10T13:07:45.404Z - Repository Created: dummy-Create-20260910-65404
2026-09-10T13:07:48.261Z - Deleting Repository: dummy-Create-20260910-65404
2026-09-10T13:07:48.954Z - Repository Created: dummy-Delete-20260910-68954
2026-09-10T13:07:51.640Z - Deleting Repository: dummy-Delete-20260910-68954
2026-09-10T13:10:36.702Z - Repository Created: dummy-Verify-20260910-36702
2026-09-10T13:10:36.741Z - Repository Created: dummy-Delete-20260910-36740
2026-09-10T13:10:36.816Z - Repository Created: dummy-Create-20260910-36815
2026-09-10T13:10:39.825Z - Deleting Repository: dummy-Create-20260910-36815
2026-09-10T13:10:40.014Z - getting Repository: dummy-Verify-20260910-36702
2026-09-10T13:10:40.194Z - Deleting Repository: dummy-Delete-20260910-36740
2026-09-10T13:10:40.499Z - Deleting Repository: dummy-Verify-20260910-36702
2026-09-10T13:23:56.455Z - Fetching all repositories...
2026-09-10T13:23:56.476Z - Repository Created: dummy-Delete-20260910-36476
2026-09-10T13:23:56.524Z - Repository Created: dummy-Create-20260910-36523
2026-09-10T13:23:56.565Z - Repository Created: dummy-Verify-20260910-36565
2026-09-10T13:23:56.613Z - Repository Created: dummy-Verify-20260910-36613
2026-09-10T13:23:57.071Z - Found 1 repositories
2026-09-10T13:23:57.074Z - Repository: appium-java_android (starts with dummy-: false)
2026-09-10T13:23:59.295Z - Deleting Repository: dummy-Delete-20260910-36476
2026-09-10T13:23:59.888Z - Deleting Repository: dummy-Create-20260910-36523
2026-09-10T13:23:59.903Z - getting Repository: dummy-Verify-20260910-36613
2026-09-10T13:23:59.932Z - getting Repository: dummy-Verify-20260910-36565
2026-09-10T13:24:00.351Z - Deleting Repository: dummy-Verify-20260910-36565
2026-09-10T13:24:00.436Z - Deleting Repository: dummy-Verify-20260910-36613
2026-09-10T13:24:01.276Z - Repository Created: dummy-Create-20260910-41275
2026-09-10T13:24:04.740Z - Deleting Repository: dummy-Create-20260910-41275
2026-09-10T13:24:05.359Z - Repository Created: dummy-Delete-20260910-45359
2026-09-10T13:24:09.143Z - Deleting Repository: dummy-Delete-20260910-45359
2026-09-10T13:40:45.049Z - Repository Created: dummy-Verify-20260910-45048
2026-09-10T13:40:45.053Z - Repository Created: dummy-Create-20260910-45053
2026-09-10T13:40:45.135Z - Fetching all repositories...
2026-09-10T13:40:45.200Z - getting Repository: dummy-NotFound-20260910-45199
2026-09-10T13:40:45.214Z - Repository Created: dummy-Verify-20260910-45214
2026-09-10T13:40:45.257Z - Repository Created: dummy-Delete-20260910-45257
2026-09-10T13:40:45.692Z - Found 1 repositories
2026-09-10T13:40:45.695Z - Repository: appium-java_android (starts with dummy-: false)
2026-09-10T13:40:45.945Z - Repository Created: dummy-Duplicate-20260910-45945
2026-09-10T13:40:47.938Z - Deleting Repository: dummy-Create-20260910-45053
2026-09-10T13:40:47.962Z - getting Repository: dummy-Verify-20260910-45214
2026-09-10T13:40:48.360Z - Deleting Repository: dummy-Delete-20260910-45257
2026-09-10T13:40:48.361Z - getting Repository: dummy-Verify-20260910-45048
2026-09-10T13:40:48.561Z - Deleting Repository: dummy-Verify-20260910-45214
2026-09-10T13:40:48.970Z - Deleting Repository: dummy-Verify-20260910-45048
2026-09-10T13:40:49.410Z - Repository Created: dummy-Duplicate-20260910-45945
2026-09-10T13:40:49.699Z - Repository Created: dummy-Create-20260910-49699
2026-09-10T13:40:49.766Z - Deleting Repository: dummy-Duplicate-20260910-45945
2026-09-10T13:40:52.349Z - Deleting Repository: dummy-Create-20260910-49699
2026-09-10T13:40:52.967Z - Repository Created: dummy-Delete-20260910-52967
2026-09-10T13:40:56.954Z - Deleting Repository: dummy-Delete-20260910-52967
2026-09-10T13:46:05.707Z - Repository Created: dummy-Create-20260910-65707
2026-09-10T13:46:05.797Z - Fetching all repositories...
2026-09-10T13:46:05.844Z - Repository Created: dummy-Verify-20260910-65844
2026-09-10T13:46:05.903Z - Repository Created: dummy-Delete-20260910-65902
2026-09-10T13:46:05.922Z - Repository Created: dummy-Verify-20260910-65921
2026-09-10T13:46:05.947Z - getting Repository: dummy-NotFound-20260910-65947
2026-09-10T13:46:06.408Z - Found 1 repositories
2026-09-10T13:46:06.411Z - Repository: appium-java_android (starts with dummy-: false)
2026-09-10T13:46:06.475Z - Repository Created: dummy-Duplicate-20260910-66474
2026-09-10T13:46:09.189Z - Repository Created: dummy-Duplicate-20260910-66474
2026-09-10T13:46:09.201Z - Deleting Repository: dummy-Delete-20260910-65902
2026-09-10T13:46:09.309Z - getting Repository: dummy-Verify-20260910-65921
2026-09-10T13:46:09.407Z - getting Repository: dummy-Verify-20260910-65844
2026-09-10T13:46:09.418Z - Deleting Repository: dummy-Create-20260910-65707
2026-09-10T13:46:09.547Z - Deleting Repository: dummy-Duplicate-20260910-66474
2026-09-10T13:46:09.829Z - Deleting Repository: dummy-Verify-20260910-65844
2026-09-10T13:46:09.987Z - Deleting Repository: dummy-Verify-20260910-65921
2026-09-10T13:46:10.490Z - Repository Created: dummy-Create-20260910-70490
2026-09-10T13:46:13.474Z - Deleting Repository: dummy-Create-20260910-70490
2026-09-10T13:46:14.191Z - Repository Created: dummy-Delete-20260910-74191
2026-09-10T13:46:17.157Z - Deleting Repository: dummy-Delete-20260910-74191
2026-09-10T16:47:19.934Z - Fetching all repositories...
2026-09-10T16:47:19.985Z - Repository Created: dummy-Verify-20260910-39984
2026-09-10T16:47:20.080Z - Repository Created: dummy-Create-20260910-40080
2026-09-10T16:47:20.108Z - Repository Created: dummy-Delete-20260910-40108
2026-09-10T16:47:20.138Z - Repository Created: dummy-Verify-20260910-40137
2026-09-10T16:47:20.142Z - getting Repository: dummy-NotFound-20260910-40142
2026-09-10T16:47:20.813Z - Repository Created: dummy-Duplicate-20260910-40812
2026-09-10T16:47:20.904Z - Found 1 repositories
2026-09-10T16:47:20.907Z - Repository: appium-java_android (starts with dummy-: false)
2026-09-10T16:47:22.693Z - Fetching all repositories...
2026-09-10T16:47:23.022Z - Deleting Repository: dummy-Delete-20260910-40108
2026-09-10T16:47:23.572Z - Deleting Repository: dummy-Create-20260910-40080
2026-09-10T16:47:23.955Z - getting Repository: dummy-Verify-20260910-40137
2026-09-10T16:47:24.077Z - getting Repository: dummy-Verify-20260910-39984
2026-09-10T16:47:24.273Z - Repository Created: dummy-Duplicate-20260910-40812
2026-09-10T16:47:24.481Z - Deleting Repository: dummy-Verify-20260910-40137
2026-09-10T16:47:24.554Z - Deleting Repository: dummy-Verify-20260910-39984
2026-09-10T16:47:24.679Z - Deleting Repository: dummy-Duplicate-20260910-40812
2026-09-10T16:47:24.731Z - Fetching all repositories...
2026-09-10T16:47:25.201Z - Repository Created: dummy-Create-20260910-45201
2026-09-10T16:47:25.915Z - Repository has 3 extra fields: message, documentation_url, status
2026-09-10T16:47:26.216Z - validated 0 repositories
2026-09-10T16:47:28.163Z - Deleting Repository: dummy-Create-20260910-45201
2026-09-10T16:47:28.886Z - Repository Created: dummy-Delete-20260910-48886
2026-09-10T16:47:31.439Z - Deleting Repository: dummy-Delete-20260910-48886
2026-09-10T16:54:28.969Z - Repository Created: dummy-Delete-20260910-68969
2026-09-10T16:54:28.982Z - getting Repository: dummy-NotFound-20260910-68982
2026-09-10T16:54:28.988Z - Fetching all repositories...
2026-09-10T16:54:29.046Z - Repository Created: dummy-Verify-20260910-69046
2026-09-10T16:54:29.050Z - Repository Created: dummy-Verify-20260910-69049
2026-09-10T16:54:29.074Z - Repository Created: dummy-Create-20260910-69074
2026-09-10T16:54:29.556Z - Repository Created: dummy-Duplicate-20260910-69555
2026-09-10T16:54:29.599Z - Found 1 repositories
2026-09-10T16:54:29.606Z - Repository: appium-java_android (starts with dummy-: false)
2026-09-10T16:54:31.176Z - Fetching all repositories...
2026-09-10T16:54:31.799Z - Deleting Repository: dummy-Delete-20260910-68969
2026-09-10T16:54:32.312Z - Deleting Repository: dummy-Create-20260910-69074
2026-09-10T16:54:32.512Z - Repository Created: dummy-Duplicate-20260910-69555
2026-09-10T16:54:32.523Z - getting Repository: dummy-Verify-20260910-69049
2026-09-10T16:54:32.902Z - Deleting Repository: dummy-Duplicate-20260910-69555
2026-09-10T16:54:33.023Z - Deleting Repository: dummy-Verify-20260910-69049
2026-09-10T16:54:33.026Z - getting Repository: dummy-Verify-20260910-69046
2026-09-10T16:54:33.493Z - Fetching all repositories...
2026-09-10T16:54:33.538Z - Deleting Repository: dummy-Verify-20260910-69046
2026-09-10T16:54:34.081Z - Schema validation passed for Repo: dummy-Verify-20260910-69046
2026-09-10T16:54:34.084Z - validated 1 repositories
2026-09-10T16:54:34.139Z - Repository Created: dummy-Create-20260910-74139
2026-09-10T16:54:34.866Z - Repository has 3 extra fields: message, documentation_url, status
2026-09-10T16:54:36.926Z - Deleting Repository: dummy-Create-20260910-74139
2026-09-10T16:54:37.632Z - Repository Created: dummy-Delete-20260910-77632
2026-09-10T16:54:40.496Z - Deleting Repository: dummy-Delete-20260910-77632
2026-09-10T16:55:20.393Z - Repository Created: dummy-Verify-20260910-20392
2026-09-10T16:55:20.458Z - Fetching all repositories...
2026-09-10T16:55:20.479Z - Repository Created: dummy-Create-20260910-20479
2026-09-10T16:55:20.570Z - Repository Created: dummy-Verify-20260910-20570
2026-09-10T16:55:20.595Z - getting Repository: dummy-NotFound-20260910-20595
2026-09-10T16:55:20.611Z - Repository Created: dummy-Delete-20260910-20611
2026-09-10T16:55:21.050Z - Found 1 repositories
2026-09-10T16:55:21.054Z - Repository: appium-java_android (starts with dummy-: false)
2026-09-10T16:55:21.157Z - Repository Created: dummy-Duplicate-20260910-21157
2026-09-10T16:55:22.749Z - Fetching all repositories...
2026-09-10T16:55:23.196Z - Fetched 1 repositories
2026-09-10T16:55:23.219Z - Schema validation passed for Repositories List
2026-09-10T16:55:23.229Z - Schema validation passed for Repository 1
2026-09-10T16:55:23.383Z - getting Repository: dummy-Verify-20260910-20570
2026-09-10T16:55:23.384Z - getting Repository: dummy-Verify-20260910-20392
2026-09-10T16:55:23.826Z - Deleting Repository: dummy-Delete-20260910-20611
2026-09-10T16:55:23.919Z - Deleting Repository: dummy-Verify-20260910-20392
2026-09-10T16:55:23.927Z - Deleting Repository: dummy-Verify-20260910-20570
2026-09-10T16:55:24.102Z - Repository Created: dummy-Duplicate-20260910-21157
2026-09-10T16:55:24.335Z - Deleting Repository: dummy-Create-20260910-20479
2026-09-10T16:55:24.626Z - Deleting Repository: dummy-Duplicate-20260910-21157
2026-09-10T16:55:24.657Z - Repository Created: dummy-Create-20260910-24657
2026-09-10T16:55:25.010Z - Fetching all repositories...
2026-09-10T16:55:25.447Z - Repository has 3 extra fields: message, documentation_url, status
2026-09-10T16:55:25.449Z - validated 0 repositories
2026-09-10T16:55:27.397Z - Deleting Repository: dummy-Create-20260910-24657
2026-09-10T16:55:28.014Z - Repository Created: dummy-Delete-20260910-28014
2026-09-10T16:55:31.388Z - Deleting Repository: dummy-Delete-20260910-28014
2026-09-10T17:06:33.785Z - Repository Created: dummy-Create-20260910-93784
2026-09-10T17:06:33.820Z - getting Repository: dummy-NotFound-20260910-93820
2026-09-10T17:06:33.856Z - Repository Created: dummy-Delete-20260910-93855
2026-09-10T17:06:33.876Z - Repository Created: dummy-Verify-20260910-93875
2026-09-10T17:06:33.880Z - Repository Created: dummy-Verify-20260910-93879
2026-09-10T17:06:33.880Z - Fetching all repositories...
2026-09-10T17:06:34.410Z - Repository Created: dummy-Duplicate-20260910-94410
2026-09-10T17:06:34.435Z - Found 1 repositories
2026-09-10T17:06:34.441Z - Repository: appium-java_android (starts with dummy-: false)
2026-09-10T17:06:34.817Z - Repository Created: dummy-Schema-20260910-94817
2026-09-10T17:06:36.496Z - Deleting Repository: dummy-Delete-20260910-93855
2026-09-10T17:06:37.005Z - getting Repository: dummy-Verify-20260910-93879
2026-09-10T17:06:37.406Z - Deleting Repository: dummy-Create-20260910-93784
2026-09-10T17:06:37.422Z - Repository Created: dummy-Duplicate-20260910-94410
2026-09-10T17:06:37.509Z - Deleting Repository: dummy-Verify-20260910-93879
2026-09-10T17:06:37.517Z - getting Repository: dummy-Verify-20260910-93875
2026-09-10T17:06:37.808Z - Deleting Repository: dummy-Duplicate-20260910-94410
2026-09-10T17:06:37.916Z - Deleting Repository: dummy-Verify-20260910-93875
2026-09-10T17:06:38.247Z - Repository Created: dummy-Create-20260910-98247
2026-09-10T17:06:38.338Z - Schema validation passed for Created Repository
2026-09-10T17:06:38.342Z - Deleting Repository: dummy-Schema-20260910-94817
2026-09-10T17:06:40.988Z - Deleting Repository: dummy-Create-20260910-98247
2026-09-10T17:06:41.918Z - Repository Created: dummy-Delete-20260910-01917
2026-09-10T17:06:44.670Z - Deleting Repository: dummy-Delete-20260910-01917
2026-09-10T17:12:02.623Z - Repository Created: dummy-Verify-20260910-22622
2026-09-10T17:12:02.678Z - Fetching all repositories...
2026-09-10T17:12:02.748Z - Repository Created: dummy-Verify-20260910-22748
2026-09-10T17:12:02.785Z - Repository Created: dummy-Create-20260910-22785
2026-09-10T17:12:02.801Z - getting Repository: dummy-NotFound-20260910-22801
2026-09-10T17:12:02.803Z - Repository Created: dummy-Delete-20260910-22803
2026-09-10T17:12:03.246Z - Found 1 repositories
2026-09-10T17:12:03.251Z - Repository: appium-java_android (starts with dummy-: false)
2026-09-10T17:12:03.326Z - Repository Created: dummy-Duplicate-20260910-23326
2026-09-10T17:12:03.636Z - Repository Created: dummy-Schema-20260910-23636
2026-09-10T17:12:05.707Z - getting Repository: dummy-Verify-20260910-22748
2026-09-10T17:12:05.710Z - getting Repository: dummy-Verify-20260910-22622
2026-09-10T17:12:05.916Z - Deleting Repository: dummy-Delete-20260910-22803
2026-09-10T17:12:06.110Z - Deleting Repository: dummy-Verify-20260910-22748
2026-09-10T17:12:06.214Z - Deleting Repository: dummy-Verify-20260910-22622
2026-09-10T17:12:06.233Z - Schema validation passed for Created Repository
2026-09-10T17:12:06.236Z - Deleting Repository: dummy-Schema-20260910-23636
2026-09-10T17:12:06.351Z - Deleting Repository: dummy-Create-20260910-22785
2026-09-10T17:12:06.943Z - Repository Created: dummy-Duplicate-20260910-23326
2026-09-10T17:12:06.959Z - Repository Created: dummy-Create-20260910-26959
2026-09-10T17:12:07.335Z - Deleting Repository: dummy-Duplicate-20260910-23326
2026-09-10T17:12:09.898Z - Deleting Repository: dummy-Create-20260910-26959
2026-09-10T17:12:10.518Z - Repository Created: dummy-Delete-20260910-30517
2026-09-10T17:12:13.341Z - Deleting Repository: dummy-Delete-20260910-30517
